{'counts': {'train': 40, 'dev': 8, 'test': 15, 'smoke': 6}, 'normalized_duplicates': 0, 'maximum_cross_split_similarity': 0.6923076923076923, 'closest_pair': ['train-01', 'test-05'], 'lengths': [{'id': 'train-01', 'total': 347, 'assistant': 88}, {'id': 'train-02', 'total': 351, 'assistant': 88}, {'id': 'train-03', 'total': 347, 'assistant': 89}, {'id': 'train-04', 'total': 403, 'assistant': 116}, {'id': 'train-05', 'total': 349, 'assistant': 88}, {'id': 'train-06', 'total': 349, 'assistant': 88}, {'id': 'train-07', 'total': 359, 'assistant': 89}, {'id': 'train-08', 'total': 359, 'assistant': 89}, {'id': 'train-09', 'total': 342, 'assistant': 88}, {'id': 'train-10', 'total': 403, 'assistant': 116}, {'id': 'train-11', 'total': 352, 'assistant': 90}, {'id': 'train-12', 'total': 346, 'assistant': 90}, {'id': 'train-13', 'total': 356, 'assistant': 89}, {'id': 'train-14', 'total': 355, 'assistant': 89}, {'id': 'train-15', 'total': 352, 'assistant': 90}, {'id': 'train-16', 'total': 358, 'assistant': 90}, {'id': 'train-17', 'total': 356, 'assistant': 89}, {'id': 'train-18', 'total': 409, 'assistant': 116}, {'id': 'train-19', 'total': 357, 'assistant': 90}, {'id': 'train-20', 'total': 356, 'assistant': 90}, {'id': 'train-21', 'total': 263, 'assistant': 41}, {'id': 'train-22', 'total': 263, 'assistant': 40}, {'id': 'train-23', 'total': 260, 'assistant': 40}, {'id': 'train-24', 'total': 263, 'assistant': 40}, {'id': 'train-25', 'total': 263, 'assistant': 41}, {'id': 'train-26', 'total': 268, 'assistant': 41}, {'id': 'train-27', 'total': 266, 'assistant': 42}, {'id': 'train-28', 'total': 264, 'assistant': 42}, {'id': 'train-29', 'total': 270, 'assistant': 44}, {'id': 'train-30', 'total': 264, 'assistant': 40}, {'id': 'train-31', 'total': 319, 'assistant': 78}, {'id': 'train-32', 'total': 348, 'assistant': 92}, {'id': 'train-33', 'total': 328, 'assistant': 81}, {'id': 'train-34', 'total': 345, 'assistant': 90}, {'id': 'train-35', 'total': 240, 'assistant': 17}, {'id': 'train-36', 'total': 236, 'assistant': 17}, {'id': 'train-37', 'total': 225, 'assistant': 16}, {'id': 'train-38', 'total': 225, 'assistant': 16}, {'id': 'train-39', 'total': 226, 'assistant': 16}, {'id': 'train-40', 'total': 230, 'assistant': 16}, {'id': 'dev-01', 'total': 364, 'assistant': 91}, {'id': 'dev-02', 'total': 354, 'assistant': 87}, {'id': 'dev-03', 'total': 384, 'assistant': 112}, {'id': 'dev-04', 'total': 322, 'assistant': 76}, {'id': 'dev-05', 'total': 266, 'assistant': 40}, {'id': 'dev-06', 'total': 269, 'assistant': 43}, {'id': 'dev-07', 'total': 225, 'assistant': 16}, {'id': 'dev-08', 'total': 241, 'assistant': 17}, {'id': 'test-01', 'total': 380, 'assistant': 92}, {'id': 'test-02', 'total': 360, 'assistant': 88}, {'id': 'test-03', 'total': 391, 'assistant': 113}, {'id': 'test-04', 'total': 367, 'assistant': 93}, {'id': 'test-05', 'total': 355, 'assistant': 88}, {'id': 'test-06', 'total': 368, 'assistant': 89}, {'id': 'test-07', 'total': 358, 'assistant': 89}, {'id': 'test-08', 'total': 327, 'assistant': 78}, {'id': 'test-09', 'total': 360, 'assistant': 92}, {'id': 'test-10', 'total': 341, 'assistant': 85}, {'id': 'test-11', 'total': 274, 'assistant': 42}, {'id': 'test-12', 'total': 274, 'assistant': 42}, {'id': 'test-13', 'total': 270, 'assistant': 40}, {'id': 'test-14', 'total': 228, 'assistant': 16}, {'id': 'test-15', 'total': 234, 'assistant': 16}, {'id': 'smoke-01', 'total': 259, 'assistant': 39}, {'id': 'smoke-02', 'total': 265, 'assistant': 41}, {'id': 'smoke-03', 'total': 224, 'assistant': 16}, {'id': 'smoke-04', 'total': 234, 'assistant': 17}, {'id': 'smoke-05', 'total': 260, 'assistant': 39}, {'id': 'smoke-06', 'total': 260, 'assistant': 39}], 'human_review': 'Assistant-authored examples; user review pending'}
test_all_labels (test_contracts.ContractTests.test_all_labels) ... ok
test_decimal_rounding (test_contracts.ContractTests.test_decimal_rounding) ... ok
test_deduction_ratio_must_be_explicit (test_contracts.ContractTests.test_deduction_ratio_must_be_explicit) ... ok
test_duplicate_json_keys (test_contracts.ContractTests.test_duplicate_json_keys) ... ok
test_empty_object_rejected (test_contracts.ContractTests.test_empty_object_rejected) ... ok
test_extra_fields (test_contracts.ContractTests.test_extra_fields) ... ok
test_hallucinated_null_field_counted (test_contracts.ContractTests.test_hallucinated_null_field_counted) ... ok
test_invalid_date (test_contracts.ContractTests.test_invalid_date) ... ok
test_missing_amount_is_null_and_explicit (test_contracts.ContractTests.test_missing_amount_is_null_and_explicit) ... ok
test_missing_taxpayer_id (test_contracts.ContractTests.test_missing_taxpayer_id) ... ok
test_missing_tool_parameter (test_contracts.ContractTests.test_missing_tool_parameter) ... ok
test_no_fabricated_or_ambiguous_parameters (test_contracts.ContractTests.test_no_fabricated_or_ambiguous_parameters) ... ok
test_parse_failure_stays_in_denominators (test_contracts.ContractTests.test_parse_failure_stays_in_denominators) ... ok
test_perfect_metrics (test_contracts.ContractTests.test_perfect_metrics) ... ok
test_string_number_bool_and_nan (test_contracts.ContractTests.test_string_number_bool_and_nan) ... ok
test_unknown_tool (test_contracts.ContractTests.test_unknown_tool) ... ok

----------------------------------------------------------------------
Ran 16 tests in 0.017s

OK
`torch_dtype` is deprecated! Use `dtype` instead!
TOKEN_AUDIT 265 TRAINABLE 9232384
TRAIN {'step': 1, 'epoch': 1, 'loss': 0.1947425752878189, 'gradient_norm': 2.5931925773620605, 'elapsed_seconds': 3.0895459000000756}
TRAIN {'step': 2, 'epoch': 1, 'loss': 0.5170422941446304, 'gradient_norm': 7.451282501220703, 'elapsed_seconds': 4.1709194000000025}
TRAIN {'step': 3, 'epoch': 2, 'loss': 0.05466882372274995, 'gradient_norm': 1.1165544986724854, 'elapsed_seconds': 6.610588300000018}
TRAIN {'step': 4, 'epoch': 2, 'loss': 0.04373274929821491, 'gradient_norm': 1.208977222442627, 'elapsed_seconds': 7.79599660000008}
TRAIN {'step': 5, 'epoch': 3, 'loss': 0.047933128429576755, 'gradient_norm': 0.9010413289070129, 'elapsed_seconds': 10.45557430000008}
TRAIN {'step': 6, 'epoch': 3, 'loss': 0.007157061947509646, 'gradient_norm': 0.2119409739971161, 'elapsed_seconds': 11.664735300000075}
TRAIN {'step': 7, 'epoch': 4, 'loss': 0.01006309047807008, 'gradient_norm': 0.1967422515153885, 'elapsed_seconds': 13.751792600000044}
TRAIN {'step': 8, 'epoch': 4, 'loss': 0.02164331788662821, 'gradient_norm': 0.5735108852386475, 'elapsed_seconds': 14.782582300000058}
TRAIN {'step': 9, 'epoch': 5, 'loss': 0.006219075585249811, 'gradient_norm': 0.1418156772851944, 'elapsed_seconds': 17.008219700000154}
TRAIN {'step': 10, 'epoch': 5, 'loss': 0.0032533772755414248, 'gradient_norm': 0.06990978866815567, 'elapsed_seconds': 18.146310400000175}
TRAINING_COMPLETE {'profile': 'smoke', 'settings': {'max_length': 512, 'batch_size': 1, 'gradient_accumulation': 4, 'gradient_checkpointing': True, 'learning_rate': 0.0001, 'epochs': 5, 'lora_rank': 8, 'lora_alpha': 16, 'lora_dropout': 0.05, 'target_modules': 'all-linear', 'max_grad_norm': 1.0}, 'dtype': 'torch.bfloat16', 'optimizer_steps': 10, 'epochs_started': 5, 'training_seconds': 22.774684300000217, 'peak_allocated_mib': 2655.9482421875, 'peak_reserved_mib': 3036.0, 'trainable_parameters': 9232384, 'maximum_parameter_update': 0.0009943771874532104, 'all_losses_finite': True, 'dev_losses': [], 'environment': {'python': '3.11.16', 'packages': {'torch': '2.8.0+cu126', 'transformers': '4.57.1', 'peft': '0.17.1', 'accelerate': '1.10.1', 'bitsandbytes': '0.48.1', 'pydantic': '2.12.3'}, 'gpu': 'NVIDIA GeForce RTX 3060 Laptop GPU', 'total_vram_mib': 6143.5, 'cuda_runtime': '12.6'}, 'provenance': {'model_manifest_sha256': 'd08f083fb9553e279856a6a8bb1003047db7e84ca30d5caa15b4341ce2d5db33', 'config_sha256': 'd52f4a9138ff1ec5a1b7d6fa07bb87e49b311f86d6ae28a5e315af70e82a8a81', 'data_sha256': {'train': '251cf8d0713065646aa4d6f64c24ca7099dae0720b19dbcc526c6deb1c05cb6c', 'dev': 'd2725d518e1a6c83cd8a3b396ad65805b877e3a1c97bde8e89f99e045070fde5', 'test': 'add5e4823bcff13aad755d63fe670b3fac2d802c12124f99a3e2078020c7e664', 'smoke': '5a4c460cd405eb5c4dd13d5e2f482a2a3bb5f7ec19425fd072fb658f8856d301'}}}
`torch_dtype` is deprecated! Use `dtype` instead!
{'raw_output': '{"action":"call_tool","data":{"tool_name":"calculate_tax_amount","parameters":{"amount_without_tax":10,"tax_rate":0.01}},"reason":null}', 'latency_seconds': 4.165414499999997, 'input_tokens': 220, 'output_tokens': 38, 'hit_token_limit': False, 'runtime_guard': {'status': 'executed', 'tool_name': 'calculate_tax_amount', 'result_yuan': '0.10'}, 'reload_matches': True}
